// Jest Snapshot v1, https://goo.gl/fbAQLP

exports[` Holds subnav should match the snapshot 1`] = `"<div class=\\"MuiBox-root css-0\\"><div class=\\"MuiBox-root css-1ndd7v5\\"><h2 class=\\"MuiTypography-root MuiTypography-h2 css-fvxxuf-MuiTypography-root\\">Holds</h2><div class=\\"MuiFormGroup-root css-dmmspl-MuiFormGroup-root\\"><label class=\\"MuiFormControlLabel-root MuiFormControlLabel-labelPlacementEnd css-1b5z4au-MuiFormControlLabel-root\\"><span class=\\"MuiSwitch-root MuiSwitch-sizeMedium css-mhvs4e-MuiSwitch-root\\"><span class=\\"MuiSwitch-switchBase MuiSwitch-colorPrimary MuiButtonBase-root MuiSwitch-switchBase MuiSwitch-colorPrimary PrivateSwitchBase-root css-5ryogn-MuiButtonBase-root-MuiSwitch-switchBase\\"><input type=\\"checkbox\\" class=\\"MuiSwitch-input PrivateSwitchBase-input css-1m9pwf3\\" id=\\"toggleHold\\"/><span class=\\"MuiSwitch-thumb css-jsexje-MuiSwitch-thumb\\"></span></span><span class=\\"MuiSwitch-track css-1yjjitx-MuiSwitch-track\\"></span></span><span class=\\"MuiTypography-root MuiTypography-body1 MuiFormControlLabel-label css-ahj2mt-MuiTypography-root\\">Show released holds</span></label></div></div><div class=\\"MuiBox-root css-0\\"><div class=\\"MuiGrid-root MuiGrid-container css-1wcf0c7-MuiGrid-root\\"><div class=\\"MuiGrid-root MuiGrid-item css-13i4rnv-MuiGrid-root\\"></div><div class=\\"MuiGrid-root MuiGrid-item css-13i4rnv-MuiGrid-root\\"></div></div><table class=\\"MuiTable-root css-1crmufn-MuiTable-root\\" id=\\"auth-hold-table-thead\\" aria-label=\\"StandardTable\\"><thead class=\\"MuiTableHead-root css-15wwp11-MuiTableHead-root\\"><tr class=\\"MuiTableRow-root MuiTableRow-head css-1q1u3t4-MuiTableRow-root\\"><th class=\\"MuiTableCell-root MuiTableCell-head MuiTableCell-sizeSmall css-qhdjux-MuiTableCell-root\\" scope=\\"col\\" id=\\"currency\\" style=\\"word-break:break-word\\"><label class=\\"MuiTypography-root MuiTypography-grey css-xwnew0-MuiTypography-root\\">Currency</label></th><th class=\\"MuiTableCell-root MuiTableCell-head MuiTableCell-sizeSmall css-qhdjux-MuiTableCell-root\\" scope=\\"col\\" id=\\"amount\\" style=\\"word-break:break-word\\"><label class=\\"MuiTypography-root MuiTypography-grey css-xwnew0-MuiTypography-root\\">Amount</label></th><th class=\\"MuiTableCell-root MuiTableCell-head MuiTableCell-sizeSmall css-qhdjux-MuiTableCell-root\\" scope=\\"col\\" id=\\"dateCreated\\" style=\\"word-break:break-word\\"><label class=\\"MuiTypography-root MuiTypography-grey css-xwnew0-MuiTypography-root\\">Date Created</label></th><th class=\\"MuiTableCell-root MuiTableCell-head MuiTableCell-sizeSmall css-qhdjux-MuiTableCell-root\\" scope=\\"col\\" id=\\"source\\" style=\\"word-break:break-word\\"><label class=\\"MuiTypography-root MuiTypography-grey css-xwnew0-MuiTypography-root\\">Source</label></th><th class=\\"MuiTableCell-root MuiTableCell-head MuiTableCell-sizeSmall css-qhdjux-MuiTableCell-root\\" scope=\\"col\\" id=\\"merchantLocation\\" style=\\"word-break:break-word\\"><label class=\\"MuiTypography-root MuiTypography-grey css-xwnew0-MuiTypography-root\\">Merchant Location</label></th><th class=\\"MuiTableCell-root MuiTableCell-head MuiTableCell-sizeSmall css-qhdjux-MuiTableCell-root\\" scope=\\"col\\" id=\\"type\\" style=\\"word-break:break-word\\"><label class=\\"MuiTypography-root MuiTypography-grey css-xwnew0-MuiTypography-root\\">Type</label></th><th class=\\"MuiTableCell-root MuiTableCell-head MuiTableCell-sizeSmall css-qhdjux-MuiTableCell-root\\" scope=\\"col\\" id=\\"holdMemo\\" style=\\"word-break:break-word\\"><label class=\\"MuiTypography-root MuiTypography-grey css-xwnew0-MuiTypography-root\\">Hold Memo</label></th><th class=\\"MuiTableCell-root MuiTableCell-head MuiTableCell-sizeSmall css-qhdjux-MuiTableCell-root\\" scope=\\"col\\" id=\\"dateReleased\\" style=\\"word-break:break-word\\"><label class=\\"MuiTypography-root MuiTypography-grey css-xwnew0-MuiTypography-root\\">Date Released</label></th><th class=\\"MuiTableCell-root MuiTableCell-head MuiTableCell-sizeSmall css-qhdjux-MuiTableCell-root\\" scope=\\"col\\" id=\\"releasedBy\\" style=\\"word-break:break-word\\"><label class=\\"MuiTypography-root MuiTypography-grey css-xwnew0-MuiTypography-root\\">Released By</label></th><th class=\\"MuiTableCell-root MuiTableCell-head MuiTableCell-sizeSmall css-qhdjux-MuiTableCell-root\\" scope=\\"col\\" id=\\"releaseMemo\\" style=\\"word-break:break-word\\"><label class=\\"MuiTypography-root MuiTypography-grey css-xwnew0-MuiTypography-root\\">Release Memo</label></th><th class=\\"MuiTableCell-root MuiTableCell-head MuiTableCell-sizeSmall css-qhdjux-MuiTableCell-root\\" scope=\\"col\\" style=\\"word-break:break-word\\"><label class=\\"MuiTypography-root MuiTypography-grey css-xwnew0-MuiTypography-root\\"> </label></th></tr></thead><tbody class=\\"MuiTableBody-root css-apqrd9-MuiTableBody-root\\"><tr class=\\"MuiTableRow-root css-1q1u3t4-MuiTableRow-root\\"><td class=\\"MuiTableCell-root MuiTableCell-body MuiTableCell-sizeSmall css-16f9cuy-MuiTableCell-root\\" colSpan=\\"11\\"><label class=\\"MuiTypography-root MuiTypography-body1 css-4z2i4l-MuiTypography-root\\">There are no results to display.</label></td></tr></tbody></table><div class=\\"tableFooter\\"></div></div></div>"`;
